// Jest Snapshot v1, https://goo.gl/fbAQLP

exports[`Button Component Snapshot Renders 1`] = `
<a
  className="button register"
  href="/"
>
  test
</a>
`;
