// Jest Snapshot v1, https://goo.gl/fbAQLP

exports[`CheckBox Component Snapshot Renders 1`] = `
<label
  htmlFor="hideBooks"
>
  <input
    className="checkbox"
    id="hideBooks"
    name="hideBooks"
    onChange={[Function]}
    type="checkbox"
  />
  Hide Books
</label>
`;
